// Jest Snapshot v1, https://goo.gl/fbAQLP

exports[`CountrySelector renders correctly 1`] = `ShallowWrapper {}`;
